[stderr] INFO:     Started server process [2308]
[stderr] INFO:     Waiting for application startup.
[stderr] INFO:     Application startup complete.
[stderr] INFO:     Uvicorn running on http://127.0.0.1:8767 (Press CTRL+C to quit)
INFO:     127.0.0.1:50195 - "GET /health HTTP/1.1" 200 OK
[stderr] INFO:     ('127.0.0.1', 50196) - "WebSocket /ws" [accepted]
[stderr] 2026-09-07 09:04:31 INFO     [codeboarding_pro.ws.server:258] WebSocket connected: session bada61c1-f00e-4c09-a22a-587cc6e52d9c
[stderr] INFO:     connection open
[stderr] 2026-09-07 09:04:32 INFO     [tool_registry.manifest:309] has_required_tools: csharp unavailable (dotnet missing); skipping check
[stderr] 2026-09-07 09:04:32 INFO     [codeboarding_pro.lsp.bootstrap:56] LSP startup attempt 1/3
[stderr] 2026-09-07 09:04:32 INFO     [codeboarding_pro.session:183] Session bada61c1-f00e-4c09-a22a-587cc6e52d9c initialized: repo=/Users/vitaly/hq/skills-marketplace, project=skills-marketplace, output=/Users/vitaly/hq/skills-marketplace/.codeboarding
[stderr] 2026-09-07 09:04:32 WARNING  [static_analyzer.typescript_config_scanner:59] No TypeScript configuration files found in /Users/vitaly/hq/skills-marketplace
[stderr] 2026-09-07 09:04:32 INFO     [static_analyzer:111] No TypeScript config files found, using repository root for TypeScript
[stderr] 2026-09-07 09:04:32 INFO     [static_analyzer:238] Starting engine LSP client for Python at /Users/vitaly/hq/skills-marketplace
[stderr] 2026-09-07 09:04:32 INFO     [static_analyzer:263] Python LSP start: 0.2s
[stderr] 2026-09-07 09:04:32 INFO     [static_analyzer:238] Starting engine LSP client for TypeScript at /Users/vitaly/hq/skills-marketplace
[stderr] 2026-09-07 09:04:32 INFO     [static_analyzer:263] TypeScript LSP start: 0.2s
[stderr] 2026-09-07 09:04:32 INFO     [codeboarding_pro.file_monitor:106] FileMonitor started for /Users/vitaly/hq/skills-marketplace
[stderr] 2026-09-07 09:04:32 INFO     [codeboarding_pro.session:202] Session bada61c1-f00e-4c09-a22a-587cc6e52d9c: FileMonitor activated
[stderr] 2026-09-07 09:04:32 INFO     [codeboarding_pro.session:243] Session bada61c1-f00e-4c09-a22a-587cc6e52d9c: LSP wiring complete
[stderr] 2026-09-07 09:04:32 INFO     [codeboarding_pro.lsp.bootstrap:67] LSP clients started successfully (attempt 1)
